I'm sorry, but errors were detected in your script. Please correct the
errors listed below, and try again.


File "game/script.rpy", line 264: expected end of line
    voice "music/sfx/human/running_on_the_gravel.mp3" volume 0.5
                                                      ^

File "game/script.rpy", line 313: expected end of line
    voice "music/sfx/human/running_on_the_gravel.mp3" volume 0.5
                                                      ^

Ren'Py Version: Ren'Py 7.4.10.2178
Sun Nov 21 19:56:34 2021
